// Jest Snapshot v1, https://goo.gl/fbAQLP

exports[`ProjectList component- approp display Valid user, renders loading if no API call yet. 1`] = `
<DocumentFragment>
  <div
    class="container"
  >
    <h1
      class="text-center"
    >
      Projects
    </h1>
    <div
      class="text-center"
    >
      <p>
        Prefer to view the projects through match-cards?
        <a
          href="/projects/carousel"
          style="color: aqua;"
        >
          Click here!
        </a>
      </p>
    </div>
    <div>
      <p
        class="text-center"
      >
        Don't see anything you are interested in?
        <a
          href="/projects/new"
          style="color: aqua;"
        >
          Create a project!
        </a>
      </p>
    </div>
    <div
      class="container text-center"
    >
      <h2>
        No projects to match, yet!
      </h2>
    </div>
  </div>
</DocumentFragment>
`;

exports[`ProjectList component- approp display Valid user, renders no project to display if no API call yet. 1`] = `
<DocumentFragment>
  <div
    class="container"
  >
    <h1
      class="text-center"
    >
      Projects
    </h1>
    <div
      class="text-center"
    >
      <p>
        Prefer to view the projects through match-cards?
        <a
          href="/projects/carousel"
          style="color: aqua;"
        >
          Click here!
        </a>
      </p>
    </div>
    <div>
      <p
        class="text-center"
      >
        Don't see anything you are interested in?
        <a
          href="/projects/new"
          style="color: aqua;"
        >
          Create a project!
        </a>
      </p>
    </div>
    <div
      class="container text-center"
    >
      <h2>
        No projects to match, yet!
      </h2>
    </div>
  </div>
</DocumentFragment>
`;
